.........F.F..............................                               [100%]
=================================== FAILURES ===================================
__________________ test_all_window_types_close_and_trap_focus __________________

page = <Page url='about:blank#/windows'>

    def test_all_window_types_close_and_trap_focus(page):
        open_page(page,'windows')
        for kind in ['dialog','drawer','sheet','fullscreen','wizard','confirm']:
            page.locator(f'[data-window="{kind}"]').click()
            expect(page.locator('dialog')).to_be_visible()
            for _ in range(12):
                page.keyboard.press('Tab')
>               assert page.evaluate('document.querySelector("dialog").contains(document.activeElement)')
E               assert False
E                +  where False = evaluate('document.querySelector("dialog").contains(document.activeElement)')
E                +    where evaluate = <Page url='about:blank#/windows'>.evaluate

experience-lab/tests/test_browser.py:179: AssertionError
_________________ test_carrier_reassignment_retains_uniqueness _________________

page = <Page url='about:blank#/carrier'>

    def test_carrier_reassignment_retains_uniqueness(page):
        open_page(page,'carrier')
>       page.get_by_label('Destination carrier slot').select_option('1')

experience-lab/tests/test_browser.py:192: 
_ _ _ _ _ _ _ _ _ _ _ _ _ _ _ _ _ _ _ _ _ _ _ _ _ _ _ _ _ _ _ _ _ _ _ _ _ _ _ _ 
/opt/pyvenv/lib/python3.13/site-packages/playwright/sync_api/_generated.py:17636: in select_option
    self._sync(
/opt/pyvenv/lib/python3.13/site-packages/playwright/_impl/_locator.py:597: in select_option
    return await self._frame.select_option(
/opt/pyvenv/lib/python3.13/site-packages/playwright/_impl/_frame.py:781: in select_option
    return await self._channel.send("selectOption", self._timeout, params)
           ^^^^^^^^^^^^^^^^^^^^^^^^^^^^^^^^^^^^^^^^^^^^^^^^^^^^^^^^^^^^^^^
/opt/pyvenv/lib/python3.13/site-packages/playwright/_impl/_connection.py:69: in send
    return await self._connection.wrap_api_call(
_ _ _ _ _ _ _ _ _ _ _ _ _ _ _ _ _ _ _ _ _ _ _ _ _ _ _ _ _ _ _ _ _ _ _ _ _ _ _ _ 

self = <playwright._impl._connection.Connection object at 0x7fd5e7b18830>
cb = <function Channel.send.<locals>.<lambda> at 0x7fd5e7760360>
is_internal = False, title = None

    async def wrap_api_call(
        self, cb: Callable[[], Any], is_internal: bool = False, title: str = None
    ) -> Any:
        if self._api_zone.get():
            return await cb()
        task = asyncio.current_task(self._loop)
        st: List[inspect.FrameInfo] = getattr(
            task, "__pw_stack__", None
        ) or inspect.stack(0)
    
        parsed_st = _extract_stack_trace_information_from_stack(st, is_internal, title)
        self._api_zone.set(parsed_st)
        try:
            return await cb()
        except Exception as error:
>           raise rewrite_error(error, f"{parsed_st['apiName']}: {error}") from None
E           playwright._impl._errors.TimeoutError: Locator.select_option: Timeout 5000ms exceeded.
E           Call log:
E             - waiting for get_by_label("Destination carrier slot")
E               - locator resolved to <select disabled name="target" aria-label="Destination carrier slot">…</select>
E             - attempting select option action
E               2 × waiting for element to be visible and enabled
E                 - element is not enabled
E               - retrying select option action
E               - waiting 20ms
E               2 × waiting for element to be visible and enabled
E                 - element is not enabled
E               - retrying select option action
E                 - waiting 100ms
E               10 × waiting for element to be visible and enabled
E                  - element is not enabled
E                - retrying select option action
E                  - waiting 500ms

/opt/pyvenv/lib/python3.13/site-packages/playwright/_impl/_connection.py:559: TimeoutError
=========================== short test summary info ============================
FAILED experience-lab/tests/test_browser.py::test_all_window_types_close_and_trap_focus - assert False
 +  where False = evaluate('document.querySelector("dialog").contains(document.activeElement)')
 +    where evaluate = <Page url='about:blank#/windows'>.evaluate
FAILED experience-lab/tests/test_browser.py::test_carrier_reassignment_retains_uniqueness - playwright._impl._errors.TimeoutError: Locator.select_option: Timeout 5000ms exceeded.
Call log:
  - waiting for get_by_label("Destination carrier slot")
    - locator resolved to <select disabled name="target" aria-label="Destination carrier slot">…</select>
  - attempting select option action
    2 × waiting for element to be visible and enabled
      - element is not enabled
    - retrying select option action
    - waiting 20ms
    2 × waiting for element to be visible and enabled
      - element is not enabled
    - retrying select option action
      - waiting 100ms
    10 × waiting for element to be visible and enabled
       - element is not enabled
     - retrying select option action
       - waiting 500ms
2 failed, 40 passed, 53 deselected in 63.85s (0:01:03)
