TAP version 13
# Subtest: static HTML has CSP and no-store
ok 1 - static HTML has CSP and no-store
  ---
  duration_ms: 77.805754
  type: 'test'
  ...
# Subtest: SPA navigation works but API is never HTML fallback
ok 2 - SPA navigation works but API is never HTML fallback
  ---
  duration_ms: 33.906465
  type: 'test'
  ...
# Subtest: hashed assets are immutable; missing asset is 404
ok 3 - hashed assets are immutable; missing asset is 404
  ---
  duration_ms: 16.500693
  type: 'test'
  ...
# Subtest: invalid host and unsafe method fail
ok 4 - invalid host and unsafe method fail
  ---
  duration_ms: 20.035675
  type: 'test'
  ...
# Subtest: symlink cannot disclose source outside dist
ok 5 - symlink cannot disclose source outside dist
  ---
  duration_ms: 38.963544
  type: 'test'
  ...
# Subtest: runtime config can change without rebuilding; corrupt config fails closed
ok 6 - runtime config can change without rebuilding; corrupt config fails closed
  ---
  duration_ms: 24.533846
  type: 'test'
  ...
# Subtest: hidden files and source maps are not served
ok 7 - hidden files and source maps are not served
  ---
  duration_ms: 18.486805
  type: 'test'
  ...
# Subtest: runtime rejects credentials, scripts, unknown keys and bad version
ok 8 - runtime rejects credentials, scripts, unknown keys and bad version
  ---
  duration_ms: 0.939828
  type: 'test'
  ...
# Subtest: embedded lab has a same-origin frame boundary; app remains non-frameable
ok 9 - embedded lab has a same-origin frame boundary; app remains non-frameable
  ---
  duration_ms: 45.164625
  type: 'test'
  ...
1..9
# tests 9
# suites 0
# pass 9
# fail 0
# cancelled 0
# skipped 0
# todo 0
# duration_ms 610.370149
