TAP version 13
# Subtest: static HTML has CSP and no-store
ok 1 - static HTML has CSP and no-store
  ---
  duration_ms: 73.794644
  type: 'test'
  ...
# Subtest: SPA navigation works but API is never HTML fallback
ok 2 - SPA navigation works but API is never HTML fallback
  ---
  duration_ms: 30.774744
  type: 'test'
  ...
# Subtest: hashed assets are immutable; missing asset is 404
ok 3 - hashed assets are immutable; missing asset is 404
  ---
  duration_ms: 20.80783
  type: 'test'
  ...
# Subtest: invalid host and unsafe method fail
ok 4 - invalid host and unsafe method fail
  ---
  duration_ms: 20.881566
  type: 'test'
  ...
# Subtest: symlink cannot disclose source outside dist
ok 5 - symlink cannot disclose source outside dist
  ---
  duration_ms: 19.292126
  type: 'test'
  ...
# Subtest: runtime config can change without rebuilding; corrupt config fails closed
ok 6 - runtime config can change without rebuilding; corrupt config fails closed
  ---
  duration_ms: 24.97224
  type: 'test'
  ...
# Subtest: hidden files and source maps are not served
ok 7 - hidden files and source maps are not served
  ---
  duration_ms: 18.542088
  type: 'test'
  ...
# Subtest: runtime rejects credentials, scripts, unknown keys and bad version
ok 8 - runtime rejects credentials, scripts, unknown keys and bad version
  ---
  duration_ms: 0.990606
  type: 'test'
  ...
1..8
# tests 8
# suites 0
# pass 8
# fail 0
# cancelled 0
# skipped 0
# todo 0
# duration_ms 529.518829
