
> react-fastapi-base-frontend@1.0.0-rc.22 prebuild
> node scripts/prepare-lab.mjs


> react-fastapi-base-frontend@1.0.0-rc.22 build
> tsc --noEmit && vite build

vite v8.2.2 building client environment for production...
transforming...
✓ 201 modules transformed.
rendering chunks...
computing gzip size...
dist/index.html                              0.40 kB │ gzip:   0.28 kB
dist/assets/index-BzCqfxp5.css             106.91 kB │ gzip:  18.26 kB
dist/assets/WorkspaceShell-BBsSlrN0.js       1.09 kB │ gzip:   0.45 kB
dist/assets/model-Dp3BhK-X.js                1.19 kB │ gzip:   0.60 kB
dist/assets/Workspace-D4FUDDdv.js            1.45 kB │ gzip:   0.73 kB
dist/assets/model-DYk614PN.js                1.49 kB │ gzip:   0.61 kB
dist/assets/Workspace-DJkYPxzD.js            1.79 kB │ gzip:   0.84 kB
dist/assets/Workspace-v2wDqrmV.js            1.84 kB │ gzip:   0.84 kB
dist/assets/Workspace-Cl-y8eta.js            2.16 kB │ gzip:   0.94 kB
dist/assets/focusReveal-CQius7U0.js          3.24 kB │ gzip:   1.36 kB
dist/assets/Workspace-CngY-a8K.js            3.80 kB │ gzip:   1.46 kB
dist/assets/Workspace-BZTx1uRY.js            4.72 kB │ gzip:   1.78 kB
dist/assets/Workspace-BjKOmp8U.js            5.26 kB │ gzip:   1.92 kB
dist/assets/Workspace-DTLGV6As.js            5.29 kB │ gzip:   1.92 kB
dist/assets/Workspace-BMfiq-l4.js            5.33 kB │ gzip:   1.84 kB
dist/assets/Workspace-BmlaQ6MH.js            5.38 kB │ gzip:   2.08 kB
dist/assets/Workspace-B8SRLQn6.js            5.62 kB │ gzip:   2.00 kB
dist/assets/Workspace-BQXNyLJg.js            5.64 kB │ gzip:   1.96 kB
dist/assets/Workspace-C3Xv_Ub7.js            5.93 kB │ gzip:   2.10 kB
dist/assets/Workspace-CJfBcKAV.js            6.18 kB │ gzip:   2.54 kB
dist/assets/Workspace-By5VXUHv.js            6.43 kB │ gzip:   2.32 kB
dist/assets/Workspace-CIpAtGqb.js            6.76 kB │ gzip:   2.30 kB
dist/assets/Workspace-DG7r1Spg.js            7.31 kB │ gzip:   2.31 kB
dist/assets/primitives-Do18Ghi1.js           8.61 kB │ gzip:   2.72 kB
dist/assets/Workspace-DC6LU_F5.js            9.38 kB │ gzip:   3.24 kB
dist/assets/Workspace-DkmJyEFv.js           10.94 kB │ gzip:   3.91 kB
dist/assets/Workspace-Cy_vk8NR.js           12.54 kB │ gzip:   4.31 kB
dist/assets/Workspace-GK_MiBNy.js           13.57 kB │ gzip:   3.94 kB
dist/assets/ExperienceLab-DB14ivMy.js       21.58 kB │ gzip:   6.45 kB
dist/assets/EntityWorkspace-CA1B16_n.js    105.71 kB │ gzip:  27.65 kB
dist/assets/index-CwKRPwM7.js              267.65 kB │ gzip:  83.28 kB
dist/assets/FieldInput-Cve4c3sx.js       1,165.90 kB │ gzip: 321.93 kB

✓ built in 240ms
