
> react-fastapi-base-frontend@1.0.0-rc.3 build:storybook
> storybook build


┌  Building storybook v10.6.0
│
◇  Cleaning outputDir: storybook-static
│
◇  Loading presets
│
◇  Building manager..
│
●  Building open services..
│
●  Building preview..
│  Vite vite v8.2.2 building client environment for production...
transforming...
✓ 178 modules transformed.
rendering chunks...
computing gzip size...
│  Vite storybook-static/iframe.html
│  19.24 kB │ gzip:   5.37 kB
│  storybook-static/assets/iframe-CdtuSkx3.css
│  61.09 kB │ gzip:  12.18 kB
│  storybook-static/assets/iframe-zWxPv0s8.js
│  0.04 kB │ gzip:   0.06 kB
│  storybook-static/assets/components-cWnGjAm3.js
│  0.20 kB │ gzip:   0.18 kB
│  storybook-static/assets/chunk-242VQQM5-bHL6qIJq.js
│  0.24 kB │ gzip:   0.20 kB
│  storybook-static/assets/formatter-L2YTDE3Q-RkjpF8cC.js
│  0.30 kB │ gzip:   0.24 kB
│  storybook-static/assets/chunk-QQBDHPVZ-DC5n6Pix.js
│  0.32 kB │ gzip:   0.20 kB
│  storybook-static/assets/react-Dyi61YEg.js
│  0.58 kB │ gzip:   0.34 kB
│  storybook-static/assets/react-18-Bxuypd2U.js
│  1.02 kB │ gzip:   0.57 kB
│  storybook-static/assets/rolldown-runtime-DkW27tQK.js
│  1.19 kB │ gzip:   0.67 kB
│  storybook-static/assets/preload-helper-wdlQj8DP.js
│  1.31 kB │ gzip:   0.74 kB
│  storybook-static/assets/chunk-IMSF75WX-CGYlPTyG.js
│  1.67 kB │ gzip:   0.91 kB
│  storybook-static/assets/chunk-DRQKCCAG-DtXejAOb.js
│  3.38 kB │ gzip:   1.41 kB
│  storybook-static/assets/fixtures-C4mHSIxQ.js
│  4.63 kB │ gzip:   1.88 kB
│  storybook-static/assets/chunk-7PIQR4A3-BGgO7bU4.js
│  5.14 kB │ gzip:   1.93 kB
│  storybook-static/assets/react-B6tGW3fj.js
│  6.50 kB │ gzip:   2.57 kB
│  storybook-static/assets/table-CBH7eauc.js
│  7.43 kB │ gzip:   2.65 kB
│  storybook-static/assets/charts-DPeO7DrG.js
│  8.05 kB │ gzip:   3.19 kB
│  storybook-static/assets/windows-Def_Btp-.js
│  8.26 kB │ gzip:   3.29 kB
│  storybook-static/assets/editors-BaiViYw-.js
│  8.86 kB │ gzip:   3.15 kB
│  storybook-static/assets/composition-D8O-HDFH.js
│  9.25 kB │ gzip:   3.45 kB
│  storybook-static/assets/scheduling-8mK7e2FG.js
│  9.79 kB │ gzip:   3.46 kB
│  storybook-static/assets/manufacturing-BAnWqtzk.js
│  9.93 kB │ gzip:   3.72 kB
│  storybook-static/assets/spatial-Cj0_yDDH.js
│  10.64 kB │ gzip:   3.94 kB
│  storybook-static/assets/base-DQA3VRfk.js
│  11.83 kB │ gzip:   4.67 kB
│  storybook-static/assets/chunk-W22LQPXL-CJ9fHx01.js
│  22.74 kB │ gzip:   7.60 kB
│  storybook-static/vite-inject-mocker-entry.js
│  27.84 kB │ gzip:   9.66 kB
│  storybook-static/assets/matchers-JIUQ3HVY-C789_MAK.js
│  28.79 kB │ gzip:   9.68 kB
│  storybook-static/assets/Color-6AOWCN3U-B-xuZQDQ.js
│  30.42 kB │ gzip:  11.50 kB
│  storybook-static/assets/WithTooltip-CDUNV5IS-BxtGm7vP.js
│  32.74 kB │ gzip:  11.48 kB
│  storybook-static/assets/theming-D1YiWSl5.js
│  55.40 kB │ gzip:  21.34 kB
│  storybook-static/assets/Engineering.stories-COiYyvRv.js
│  67.50 kB │ gzip:  15.41 kB
│  storybook-static/assets/syntaxhighlighter-4REYKNEV-CFI9xp3k.js
│  75.88 kB │ gzip:  27.25 kB
│  storybook-static/assets/react-dom-fsbZDdoj.js
│  132.67 kB │ gzip:  43.05 kB
│  storybook-static/assets/axe-CxUVpqTz.js
│  559.77 kB │ gzip: 153.15 kB
│  storybook-static/assets/DocsRenderer-JROSPFPF-qdZoXk1P.js
│  753.40 kB │ gzip: 239.15 kB
│  storybook-static/assets/iframe-BZoEJ2jG.js
│  1,128.38 kB │ gzip: 320.98 kB

│  Vite ✓ built in 1.53s
│
◇  Output directory:
│  /Users/haewonkim/home/development/react-fastapi-base/frontend/storybook-static
│
└  Storybook build completed successfully

