{
  "schema_version": 1,
  "source_commit": "d8a6dbf5a705d0e348268fdfc2a277ef6f5f87b5",
  "created_at": "2026-09-18T18:43:20Z",
  "timestamp": "2026-09-18T18:43:20Z",
  "command": [
    "python3",
    "scripts/performance_stress.py"
  ],
  "exit_code": 0,
  "environment": {
    "platform": "macOS-26.6.2-arm64-arm-64bit",
    "python": "3.11.7"
  },
  "hashes": {
    "source_commit": "d8a6dbf5a705d0e348268fdfc2a277ef6f5f87b5"
  },
  "checks": [
    {
      "name": "table-100k-filter-sort",
      "size": 100000,
      "seconds": 0.012265,
      "budget_seconds": 2.5,
      "status": "PASS",
      "result": 100
    },
    {
      "name": "planning-5000-dependencies",
      "size": 5000,
      "seconds": 0.000176,
      "budget_seconds": 1.5,
      "status": "PASS",
      "result": 4999
    },
    {
      "name": "graph-10000-nodes-20000-edges",
      "size": 30000,
      "seconds": 0.001349,
      "budget_seconds": 2.0,
      "status": "PASS",
      "result": 10000
    },
    {
      "name": "rack-100-racks-20000-connections",
      "size": 40000,
      "seconds": 0.000389,
      "budget_seconds": 1.5,
      "status": "PASS",
      "result": 20000
    },
    {
      "name": "wafer-100k-die-map",
      "size": 100000,
      "seconds": 0.001787,
      "budget_seconds": 1.0,
      "status": "PASS",
      "result": 94117
    },
    {
      "name": "observability-100k-events",
      "size": 100000,
      "seconds": 0.001856,
      "budget_seconds": 1.5,
      "status": "PASS",
      "result": 100
    },
    {
      "name": "dashboard-1000-widgets-layout",
      "size": 1000,
      "seconds": 3.3e-05,
      "budget_seconds": 0.75,
      "status": "PASS",
      "result": 86
    }
  ],
  "result": "PASS"
}
