TAP version 13
# Subtest: static HTML has CSP and no-store
ok 1 - static HTML has CSP and no-store
  ---
  duration_ms: 24.904166
  ...
# Subtest: SPA navigation works but API is never HTML fallback
ok 2 - SPA navigation works but API is never HTML fallback
  ---
  duration_ms: 5.555334
  ...
# Subtest: hashed assets are immutable; missing asset is 404
ok 3 - hashed assets are immutable; missing asset is 404
  ---
  duration_ms: 5.091791
  ...
# Subtest: invalid host and unsafe method fail
ok 4 - invalid host and unsafe method fail
  ---
  duration_ms: 6.951041
  ...
# Subtest: symlink cannot disclose source outside dist
ok 5 - symlink cannot disclose source outside dist
  ---
  duration_ms: 3.96425
  ...
# Subtest: runtime config can change without rebuilding; corrupt config fails closed
ok 6 - runtime config can change without rebuilding; corrupt config fails closed
  ---
  duration_ms: 4.829042
  ...
# Subtest: hidden files and source maps are not served
ok 7 - hidden files and source maps are not served
  ---
  duration_ms: 4.671875
  ...
# Subtest: runtime rejects credentials, scripts, unknown keys and bad version
ok 8 - runtime rejects credentials, scripts, unknown keys and bad version
  ---
  duration_ms: 0.297041
  ...
# Subtest: public runtime rejects server profile, storage and identity fields
ok 9 - public runtime rejects server profile, storage and identity fields
  ---
  duration_ms: 0.146958
  ...
# Subtest: publisher namespace rejects unknown, case-variant and invalid configuration without values
ok 10 - publisher namespace rejects unknown, case-variant and invalid configuration without values
  ---
  duration_ms: 0.47075
  ...
# Subtest: publisher process exceptions reject case-variant names
ok 11 - publisher process exceptions reject case-variant names
  ---
  duration_ms: 0.067667
  ...
# Subtest: publisher production routing requires explicit public hosts and absolute runtime override
ok 12 - publisher production routing requires explicit public hosts and absolute runtime override
  ---
  duration_ms: 0.340125
  ...
# Subtest: static publisher rejects a relative runtime path
ok 13 - static publisher rejects a relative runtime path
  ---
  duration_ms: 1.420791
  ...
# Subtest: publisher never serves runtime values outside the strict browser schema
ok 14 - publisher never serves runtime values outside the strict browser schema
  ---
  duration_ms: 3.491208
  ...
# Subtest: embedded lab has a same-origin frame boundary; app remains non-frameable
ok 15 - embedded lab has a same-origin frame boundary; app remains non-frameable
  ---
  duration_ms: 4.169666
  ...
1..15
# tests 15
# suites 0
# pass 15
# fail 0
# cancelled 0
# skipped 0
# todo 0
# duration_ms 104.288458
