TypeScript syntax only: 151 files parsed. This is NOT a full typecheck.
TAP version 13
# Subtest: runtime accepts each configured visual profile
ok 1 - runtime accepts each configured visual profile
  ---
  duration_ms: 0.560375
  ...
# Subtest: runtime rejects mixed content, URL credentials, paths, scripts and unknown settings
ok 2 - runtime rejects mixed content, URL credentials, paths, scripts and unknown settings
  ---
  duration_ms: 0.1945
  ...
# Subtest: storage keys isolate app, user, tenant and version
ok 3 - storage keys isolate app, user, tenant and version
  ---
  duration_ms: 0.103916
  ...
# Subtest: corrupted or unavailable local storage is harmless
ok 4 - corrupted or unavailable local storage is harmless
  ---
  duration_ms: 0.0835
  ...
# Subtest: API transport supplies tenant and CSRF but never an identity header
ok 5 - API transport supplies tenant and CSRF but never an identity header
  ---
  duration_ms: 9.44425
  ...
# Subtest: generated operation routes safely encode parameters
ok 6 - generated operation routes safely encode parameters
  ---
  duration_ms: 0.1965
  ...
# Subtest: API error retains safe code/request ID and conflict details
ok 7 - API error retains safe code/request ID and conflict details
  ---
  duration_ms: 0.27775
  ...
# Subtest: HTML API response is not treated as data
ok 8 - HTML API response is not treated as data
  ---
  duration_ms: 0.19725
  ...
# Subtest: transport failures produce an explicit error, not an empty dataset
ok 9 - transport failures produce an explicit error, not an empty dataset
  ---
  duration_ms: 0.177042
  ...
# Subtest: API refuses arbitrary external endpoints
ok 10 - API refuses arbitrary external endpoints
  ---
  duration_ms: 0.122958
  ...
# Subtest: appearance mode is independent from visual personality
ok 11 - appearance mode is independent from visual personality
  ---
  duration_ms: 0.062292
  ...
# Subtest: surface presentation converts dense side surfaces to mobile sheets
ok 12 - surface presentation converts dense side surfaces to mobile sheets
  ---
  duration_ms: 0.078416
  ...
# Subtest: command registry exposes one action consistently by permission selection and mode
ok 13 - command registry exposes one action consistently by permission selection and mode
  ---
  duration_ms: 0.08025
  ...
# Subtest: adaptive layout preserves complexity while changing presentation
ok 14 - adaptive layout preserves complexity while changing presentation
  ---
  duration_ms: 0.112125
  ...
# Subtest: surface stack enforces top-most layering and closes descendants with parents
ok 15 - surface stack enforces top-most layering and closes descendants with parents
  ---
  duration_ms: 0.254792
  ...
# Subtest: typed field draft helpers reject ambiguity and normalize values
ok 16 - typed field draft helpers reject ambiguity and normalize values
  ---
  duration_ms: 0.863833
  ...
# Subtest: rich field draft helpers validate structured data and choices
ok 17 - rich field draft helpers validate structured data and choices
  ---
  duration_ms: 0.239834
  ...
# Subtest: generic workspace field parser enforces read-only and numeric bounds
ok 18 - generic workspace field parser enforces read-only and numeric bounds
  ---
  duration_ms: 0.212667
  ...
# Subtest: workspace state sanitizes stale view data and preserves supported projection intent
ok 19 - workspace state sanitizes stale view data and preserves supported projection intent
  ---
  duration_ms: 0.207584
  ...
# Subtest: workspace state rejects stale visualization by falling back deterministically
ok 20 - workspace state rejects stale visualization by falling back deterministically
  ---
  duration_ms: 0.11175
  ...
# Subtest: dashboard composer sanitizes widgets, persists variables and responds to viewport
ok 21 - dashboard composer sanitizes widgets, persists variables and responds to viewport
  ---
  duration_ms: 0.221625
  ...
# Subtest: risk model keeps scoring server-parity friendly and exposes heatmap/effect bands
ok 22 - risk model keeps scoring server-parity friendly and exposes heatmap/effect bands
  ---
  duration_ms: 0.12875
  ...
# Subtest: workspace state migrates legacy views and exposes deterministic server conflict reconciliation
ok 23 - workspace state migrates legacy views and exposes deterministic server conflict reconciliation
  ---
  duration_ms: 0.140708
  ...
# Subtest: operational table model groups rows and preserves at least the identity column
ok 24 - operational table model groups rows and preserves at least the identity column
  ---
  duration_ms: 12.294333
  ...
# Subtest: planning critical path follows longest dependency chain and date shift is deterministic
ok 25 - planning critical path follows longest dependency chain and date shift is deterministic
  ---
  duration_ms: 0.743125
  ...
# Subtest: rack connection trace finds deterministic shortest multi-hop path
ok 26 - rack connection trace finds deterministic shortest multi-hop path
  ---
  duration_ms: 0.652667
  ...
# Subtest: SPC model matches deterministic engineering fixtures
ok 27 - SPC model matches deterministic engineering fixtures
  ---
  duration_ms: 1.133
  ...
# Subtest: semiconductor model sanitizes wafer cells, diffs recipes and summarizes state utilization
ok 28 - semiconductor model sanitizes wafer cells, diffs recipes and summarizes state utilization
  ---
  duration_ms: 0.875791
  ...
# Subtest: software engineering pack models parse pipeline, incident and trace data safely
ok 29 - software engineering pack models parse pipeline, incident and trace data safely
  ---
  duration_ms: 0.822166
  ...
1..29
# tests 29
# suites 0
# pass 29
# fail 0
# cancelled 0
# skipped 0
# todo 0
# duration_ms 70.868041
